npm warn Unknown env config "http-proxy". This will stop working in the next major version of npm.

> urjakavach@1.0.0 build
> npm run build --workspace=@urjakavach/web

npm warn Unknown env config "http-proxy". This will stop working in the next major version of npm.

> @urjakavach/web@1.0.0 build
> next build && python3 ../../scripts/build_offline.py

▲ Next.js 16.3.5 (Turbopack)
✓ Running next.config.ts took 77ms

  Creating an optimized production build ...
✓ Compiled successfully in 9.0s
  Running TypeScript ...
  Finished TypeScript in 7.0s ...
  Collecting page data using 8 workers ...
  Generating static pages using 8 workers (0/11) ...
  Generating static pages using 8 workers (2/11) 
  Generating static pages using 8 workers (5/11) 
  Generating static pages using 8 workers (8/11) 
✓ Generating static pages using 8 workers (11/11) in 790ms
  Finalizing page optimization ...

Route (app)
┌ ○ /
├ ○ /_not-found
├ ○ /about
├ ○ /assumptions
├ ○ /investigate
├ ○ /maintenance
├ ○ /manager
├ ○ /performance
├ ○ /solar
└ ○ /tech


○  (Static)  prerendered as static content

Offline cache built: 186 URLs, revision e7f466b9b03eb31f
